src/api/axios.ts(1,51): error TS2307: Cannot find module 'axios' or its corresponding type declarations.
src/features/analysis/components/ResultsBoard.tsx(2,10): error TS6133: 'motion' is declared but its value is never read.
src/features/analysis/components/ResultsBoard.tsx(13,12): error TS6133: 'selectedResult' is declared but its value is never read.
src/features/analysis/hooks/useExtractEditor.ts(2,22): error TS7016: Could not find a declaration file for module 'crypto-js'. 'C:/Users/juanc/caso03_talma_frontend/node_modules/crypto-js/index.js' implicitly has an 'any' type.
  Try `npm i --save-dev @types/crypto-js` if it exists or add a new declaration (.d.ts) file containing `declare module 'crypto-js';`
src/features/analysis/hooks/useExtractEditor.ts(3,1): error TS6133: 'analysisService' is declared but its value is never read.
src/layouts/Header.tsx(2,34): error TS6133: 'User' is declared but its value is never read.
src/layouts/Header.tsx(3,1): error TS6133: 'useAuthStore' is declared but its value is never read.
